
[14010] signal 15: Terminated: 15
in expression starting at none:5
__psynch_cvwait at /usr/lib/system/libsystem_kernel.dylib (unknown line)
unknown function (ip: 0x0) at (unknown file)
gc_sweep_pool_parallel at /Users/julia/.julia/scratchspaces/a66863c6-20e8-4ff4-8a62-49f30b1f605e/agent-cache/default-honeycrisp-R17H3W25T9.0/build/default-honeycrisp-R17H3W25T9-0/julialang/julia-release-1-dot-12/src/gc-stock.c:1261
gc_sweep_pool at /Users/julia/.julia/scratchspaces/a66863c6-20e8-4ff4-8a62-49f30b1f605e/agent-cache/default-honeycrisp-R17H3W25T9.0/build/default-honeycrisp-R17H3W25T9-0/julialang/julia-release-1-dot-12/src/gc-stock.c:1392 [inlined]
_jl_gc_collect at /Users/julia/.julia/scratchspaces/a66863c6-20e8-4ff4-8a62-49f30b1f605e/agent-cache/default-honeycrisp-R17H3W25T9.0/build/default-honeycrisp-R17H3W25T9-0/julialang/julia-release-1-dot-12/src/gc-stock.c:3189
ijl_gc_collect at /Users/julia/.julia/scratchspaces/a66863c6-20e8-4ff4-8a62-49f30b1f605e/agent-cache/default-honeycrisp-R17H3W25T9.0/build/default-honeycrisp-R17H3W25T9-0/julialang/julia-release-1-dot-12/src/gc-stock.c:3461
maybe_collect at /Users/julia/.julia/scratchspaces/a66863c6-20e8-4ff4-8a62-49f30b1f605e/agent-cache/default-honeycrisp-R17H3W25T9.0/build/default-honeycrisp-R17H3W25T9-0/julialang/julia-release-1-dot-12/src/gc-stock.c:349 [inlined]
jl_gc_small_alloc_inner at /Users/julia/.julia/scratchspaces/a66863c6-20e8-4ff4-8a62-49f30b1f605e/agent-cache/default-honeycrisp-R17H3W25T9.0/build/default-honeycrisp-R17H3W25T9-0/julialang/julia-release-1-dot-12/src/gc-stock.c:725 [inlined]
jl_gc_small_alloc_noinline at /Users/julia/.julia/scratchspaces/a66863c6-20e8-4ff4-8a62-49f30b1f605e/agent-cache/default-honeycrisp-R17H3W25T9.0/build/default-honeycrisp-R17H3W25T9-0/julialang/julia-release-1-dot-12/src/gc-stock.c:783 [inlined]
jl_gc_alloc_ at /Users/julia/.julia/scratchspaces/a66863c6-20e8-4ff4-8a62-49f30b1f605e/agent-cache/default-honeycrisp-R17H3W25T9.0/build/default-honeycrisp-R17H3W25T9-0/julialang/julia-release-1-dot-12/src/gc-stock.c:797
jl_alloc_genericmemory_unchecked at /Users/julia/.julia/scratchspaces/a66863c6-20e8-4ff4-8a62-49f30b1f605e/agent-cache/default-honeycrisp-R17H3W25T9.0/build/default-honeycrisp-R17H3W25T9-0/julialang/julia-release-1-dot-12/src/genericmemory.c:41
GenericMemory at ./boot.jl:588 [inlined]
array_new_memory at ./array.jl:1067 [inlined]
#_growend!##0 at ./array.jl:1148
_growend! at ./array.jl:1131 [inlined]
resize! at ./array.jl:1482
ormqr! at /Users/julia/.julia/scratchspaces/a66863c6-20e8-4ff4-8a62-49f30b1f605e/agent-cache/default-honeycrisp-R17H3W25T9.0/build/default-honeycrisp-R17H3W25T9-0/julialang/julia-release-1-dot-12/usr/share/julia/stdlib/v1.12/LinearAlgebra/src/lapack.jl:3005
ldiv! at /Users/zeyuan/.julia/packages/SimpleSolvers/XEcEZ/src/linear/pivoted_qr_solver.jl:227
#directions!#83 at /Users/zeyuan/.julia/packages/SimpleSolvers/XEcEZ/src/nonlinear/dogleg_solver.jl:157
directions! at /Users/zeyuan/.julia/packages/SimpleSolvers/XEcEZ/src/nonlinear/dogleg_solver.jl:122 [inlined]
solver_step! at /Users/zeyuan/.julia/packages/SimpleSolvers/XEcEZ/src/nonlinear/dogleg_solver.jl:228
_solve_core! at /Users/zeyuan/.julia/packages/SimpleSolvers/XEcEZ/src/nonlinear/nonlinear_solver.jl:370
solve_with_status! at /Users/zeyuan/.julia/packages/SimpleSolvers/XEcEZ/src/nonlinear/nonlinear_solver.jl:593 [inlined]
integrate_step! at /Users/zeyuan/Documents/GitHub/GNI/NonlinearIntegrators.jl/src/nvi/network_integrator_core.jl:541
integrate! at /Users/zeyuan/.julia/packages/GeometricIntegratorsBase/9F7SA/src/integrate.jl:13
unknown function (ip: 0x38dd0a94b) at (unknown file)
#integrate_counting#19 at /Users/zeyuan/Documents/GitHub/GNI/NonlinearIntegrators.jl/benchmark/hard_problems/integration.jl:70
integrate_counting at /Users/zeyuan/Documents/GitHub/GNI/NonlinearIntegrators.jl/benchmark/hard_problems/integration.jl:58 [inlined]
#25 at /Users/zeyuan/Documents/GitHub/GNI/NonlinearIntegrators.jl/benchmark/hard_problems/integration.jl:106 [inlined]
with_logstate at ./logging/logging.jl:540
unknown function (ip: 0x38df606f3) at (unknown file)
with_logger at ./logging/logging.jl:651
macro expansion at ./timing.jl:461 [inlined]
#run_one#20 at /Users/zeyuan/Documents/GitHub/GNI/NonlinearIntegrators.jl/benchmark/hard_problems/integration.jl:105
run_one at /Users/zeyuan/Documents/GitHub/GNI/NonlinearIntegrators.jl/benchmark/hard_problems/integration.jl:101
unknown function (ip: 0x38df5840f) at (unknown file)
#run_case##2 at /Users/zeyuan/Documents/GitHub/GNI/NonlinearIntegrators.jl/benchmark/hard_problems/run_nvi.jl:101
#open#330 at ./io.jl:410
open at ./io.jl:407 [inlined]
run_case at /Users/zeyuan/Documents/GitHub/GNI/NonlinearIntegrators.jl/benchmark/hard_problems/run_nvi.jl:94
unknown function (ip: 0x3145e06cf) at (unknown file)
foreach at ./abstractarray.jl:3188
main at /Users/zeyuan/Documents/GitHub/GNI/NonlinearIntegrators.jl/benchmark/hard_problems/run_nvi.jl:118
unknown function (ip: 0x3145700af) at (unknown file)
jl_apply at /Users/julia/.julia/scratchspaces/a66863c6-20e8-4ff4-8a62-49f30b1f605e/agent-cache/default-honeycrisp-R17H3W25T9.0/build/default-honeycrisp-R17H3W25T9-0/julialang/julia-release-1-dot-12/src/./julia.h:2391 [inlined]
do_call at /Users/julia/.julia/scratchspaces/a66863c6-20e8-4ff4-8a62-49f30b1f605e/agent-cache/default-honeycrisp-R17H3W25T9.0/build/default-honeycrisp-R17H3W25T9-0/julialang/julia-release-1-dot-12/src/interpreter.c:123
eval_stmt_value at /Users/julia/.julia/scratchspaces/a66863c6-20e8-4ff4-8a62-49f30b1f605e/agent-cache/default-honeycrisp-R17H3W25T9.0/build/default-honeycrisp-R17H3W25T9-0/julialang/julia-release-1-dot-12/src/interpreter.c:194
eval_body at /Users/julia/.julia/scratchspaces/a66863c6-20e8-4ff4-8a62-49f30b1f605e/agent-cache/default-honeycrisp-R17H3W25T9.0/build/default-honeycrisp-R17H3W25T9-0/julialang/julia-release-1-dot-12/src/interpreter.c:689
jl_interpret_toplevel_thunk at /Users/julia/.julia/scratchspaces/a66863c6-20e8-4ff4-8a62-49f30b1f605e/agent-cache/default-honeycrisp-R17H3W25T9.0/build/default-honeycrisp-R17H3W25T9-0/julialang/julia-release-1-dot-12/src/interpreter.c:898
jl_toplevel_eval_flex at /Users/julia/.julia/scratchspaces/a66863c6-20e8-4ff4-8a62-49f30b1f605e/agent-cache/default-honeycrisp-R17H3W25T9.0/build/default-honeycrisp-R17H3W25T9-0/julialang/julia-release-1-dot-12/src/toplevel.c:1035
jl_toplevel_eval_flex at /Users/julia/.julia/scratchspaces/a66863c6-20e8-4ff4-8a62-49f30b1f605e/agent-cache/default-honeycrisp-R17H3W25T9.0/build/default-honeycrisp-R17H3W25T9-0/julialang/julia-release-1-dot-12/src/toplevel.c:975
ijl_toplevel_eval at /Users/julia/.julia/scratchspaces/a66863c6-20e8-4ff4-8a62-49f30b1f605e/agent-cache/default-honeycrisp-R17H3W25T9.0/build/default-honeycrisp-R17H3W25T9-0/julialang/julia-release-1-dot-12/src/toplevel.c:1047 [inlined]
ijl_toplevel_eval_in at /Users/julia/.julia/scratchspaces/a66863c6-20e8-4ff4-8a62-49f30b1f605e/agent-cache/default-honeycrisp-R17H3W25T9.0/build/default-honeycrisp-R17H3W25T9-0/julialang/julia-release-1-dot-12/src/toplevel.c:1092
eval at ./boot.jl:489
exec_options at ./client.jl:283
_start at ./client.jl:550
jfptr__start_38197.1 at /Applications/Julia-1.12.app/Contents/Resources/julia/lib/julia/sys.dylib (unknown line)
jl_apply at /Users/julia/.julia/scratchspaces/a66863c6-20e8-4ff4-8a62-49f30b1f605e/agent-cache/default-honeycrisp-R17H3W25T9.0/build/default-honeycrisp-R17H3W25T9-0/julialang/julia-release-1-dot-12/src/./julia.h:2391 [inlined]
true_main at /Users/julia/.julia/scratchspaces/a66863c6-20e8-4ff4-8a62-49f30b1f605e/agent-cache/default-honeycrisp-R17H3W25T9.0/build/default-honeycrisp-R17H3W25T9-0/julialang/julia-release-1-dot-12/src/jlapi.c:971
jl_repl_entrypoint at /Users/julia/.julia/scratchspaces/a66863c6-20e8-4ff4-8a62-49f30b1f605e/agent-cache/default-honeycrisp-R17H3W25T9.0/build/default-honeycrisp-R17H3W25T9-0/julialang/julia-release-1-dot-12/src/jlapi.c:1139
unknown function (ip: 0x0) at (unknown file)
Allocations: 33993573870 (Pool: 33993566020; Big: 7850); GC: 109437
= 5 m = 2  ok          q_err = 1.58e+00  0.01 s
  c = 10   CGVI  s = 5 m = 3  ok          q_err = 5.87e-02  0.02 s
  c = 10   CGVI  s = 5 m = 4  ok          q_err = 3.98e-03  0.02 s
  c = 10   CGVI  s = 6 m = 1  ok          q_err = 2.99e+01  0.01 s
  c = 10   CGVI  s = 6 m = 2  ok          q_err = 1.78e-01  0.01 s
  c = 10   CGVI  s = 6 m = 3  ok          q_err = 2.55e-03  0.02 s
  c = 10   CGVI  s = 6 m = 4  ok          q_err = 1.01e-04  0.03 s
  c = 10   Gauss s = 1 m = 1  ok          q_err = 1.86e+00  0.00 s
  c = 10   Gauss s = 2 m = 1  ok          q_err = 1.94e+00  0.01 s
  c = 10   Gauss s = 3 m = 1  ok          q_err = 1.84e+00  0.01 s
  c = 10   Gauss s = 4 m = 1  ok          q_err = 1.48e+00  0.01 s
  c = 10   Gauss s = 5 m = 1  ok          q_err = 1.32e+00  0.01 s
  c = 10   Gauss s = 6 m = 1  ok          q_err = 1.20e+00  0.01 s

── P1_eps0.001: T = 6283.185307179586, Terr = 6283.185307179586, h Ω ∈ [0.1, 0.3, 1.0, 3.0, 10.0]
reference: Gauss(8), dt = 0.002, |dt - dt/2| = 2.46e-13 (586.7 s)
  c = 0.1  CGVI  s = 2 m = 1  ok          q_err = 1.01e-03  4.21 s
  c = 0.1  CGVI  s = 2 m = 2  ok          q_err = 6.29e-05  8.50 s
  c = 0.1  CGVI  s = 2 m = 3  ok          q_err = 1.24e-05  13.12 s
  c = 0.1  CGVI  s = 2 m = 4  ok          q_err = 3.93e-06  17.82 s
  c = 0.1  CGVI  s = 3 m = 1  ok          q_err = 1.38e-07  4.53 s
  c = 0.1  CGVI  s = 3 m = 2  ok          q_err = 2.16e-09  9.27 s
  c = 0.1  CGVI  s = 3 m = 3  ok          q_err = 1.91e-10  14.77 s
  c = 0.1  CGVI  s = 3 m = 4  ok          q_err = 3.49e-11  20.59 s
  c = 0.1  CGVI  s = 4 m = 1  ok          q_err = 1.02e-11  4.91 s
  c = 0.1  CGVI  s = 4 m = 2  ok          q_err = 7.92e-12  10.02 s
  c = 0.1  CGVI  s = 4 m = 3  ok          q_err = 1.19e-11  16.29 s
  c = 0.1  CGVI  s = 4 m = 4  ok          q_err = 1.57e-11  22.70 s
  c = 0.1  CGVI  s = 5 m = 1  ok          q_err = 6.93e-12  5.32 s
  c = 0.1  CGVI  s = 5 m = 2  ok          q_err = 1.38e-11  10.96 s
  c = 0.1  CGVI  s = 5 m = 3  ok          q_err = 2.07e-11  18.25 s
  c = 0.1  CGVI  s = 5 m = 4  ok          q_err = 2.78e-11  25.01 s
  c = 0.1  CGVI  s = 6 m = 1  ok          q_err = 4.00e-12  5.74 s
  c = 0.1  CGVI  s = 6 m = 2  ok          q_err = 7.74e-12  11.88 s
  c = 0.1  CGVI  s = 6 m = 3  ok          q_err = 1.15e-11  19.66 s
  c = 0.1  CGVI  s = 6 m = 4  ok          q_err = 1.52e-11  27.43 s
  c = 0.1  Gauss s = 1 m = 1  ok          q_err = 1.15e+00  1.78 s
  c = 0.1  Gauss s = 2 m = 1  ok          q_err = 2.01e-03  2.05 s
  c = 0.1  Gauss s = 3 m = 1  ok          q_err = 2.76e-07  2.28 s
  c = 0.1  Gauss s = 4 m = 1  ok          q_err = 2.26e-11  2.51 s
  c = 0.1  Gauss s = 5 m = 1  ok          q_err = 1.75e-13  2.75 s
  c = 0.1  Gauss s = 6 m = 1  ok          q_err = 2.90e-13  2.99 s
  c = 0.3  CGVI  s = 2 m = 1  ok          q_err = 8.08e-02  1.36 s
  c = 0.3  CGVI  s = 2 m = 2  ok          q_err = 5.09e-03  2.75 s
  c = 0.3  CGVI  s = 2 m = 3  ok          q_err = 1.01e-03  4.06 s
  c = 0.3  CGVI  s = 2 m = 4  ok          q_err = 3.19e-04  5.67 s
  c = 0.3  CGVI  s = 3 m = 1  ok          q_err = 1.00e-04  1.45 s
  c = 0.3  CGVI  s = 3 m = 2  ok          q_err = 1.57e-06  3.00 s
  c = 0.3  CGVI  s = 3 m = 3  ok          q_err = 1.38e-07  4.53 s
  c = 0.3  CGVI  s = 3 m = 4  ok          q_err = 2.46e-08  6.01 s
  c = 0.3  CGVI  s = 4 m = 1  ok          q_err = 7.14e-08  1.59 s
  c = 0.3  CGVI  s = 4 m = 2  ok          q_err = 2.79e-10  3.23 s
  c = 0.3  CGVI  s = 4 m = 3  ok          q_err = 1.05e-11  4.86 s
  c = 0.3  CGVI  s = 4 m = 4  ok          q_err = 5.20e-12  6.49 s
  c = 0.3  CGVI  s = 5 m = 1  ok          q_err = 3.34e-11  1.74 s
  c = 0.3  CGVI  s = 5 m = 2  ok          q_err = 4.58e-12  3.52 s
  c = 0.3  CGVI  s = 5 m = 3  ok          q_err = 6.99e-12  5.27 s
  c = 0.3  CGVI  s = 5 m = 4  ok          q_err = 9.09e-12  7.04 s
  c = 0.3  CGVI  s = 6 m = 1  ok          q_err = 1.71e-12  1.88 s
  c = 0.3  CGVI  s = 6 m = 2  ok          q_err = 2.73e-12  3.78 s
  c = 0.3  CGVI  s = 6 m = 3  ok          q_err = 3.90e-12  5.69 s
  c = 0.3  CGVI  s = 6 m = 4  ok          q_err = 5.05e-12  7.57 s
  c = 0.3  Gauss s = 1 m = 1  ok          q_err = 1.93e+00  0.56 s
  c = 0.3  Gauss s = 2 m = 1  ok          q_err = 1.61e-01  0.64 s
  c = 0.3  Gauss s = 3 m = 1  ok          q_err = 2.00e-04  0.71 s
  c = 0.3  Gauss s = 4 m = 1  ok          q_err = 1.43e-07  0.79 s
  c = 0.3  Gauss s = 5 m = 1  ok          q_err = 6.67e-11  0.87 s
  c = 0.3  Gauss s = 6 m = 1  ok          q_err = 4.38e-13  0.95 s
  c = 1    CGVI  s = 2 m = 1  ok          q_err = 1.97e+00  0.32 s
  c = 1    CGVI  s = 2 m = 2  ok          q_err = 6.04e-01  0.68 s
  c = 1    CGVI  s = 2 m = 3  ok          q_err = 1.23e-01  1.11 s
  c = 1    CGVI  s = 2 m = 4  ok          q_err = 3.91e-02  1.66 s
  c = 1    CGVI  s = 3 m = 1  ok          q_err = 1.29e-01  0.39 s
  c = 1    CGVI  s = 3 m = 2  ok          q_err = 2.12e-03  0.83 s
  c = 1    CGVI  s = 3 m = 3  ok          q_err = 1.88e-04  1.29 s
  c = 1    CGVI  s = 3 m = 4  ok          q_err = 3.36e-05  1.75 s
  c = 1    CGVI  s = 4 m = 1  ok          q_err = 1.04e-03  0.46 s
  c = 1    CGVI  s = 4 m = 2  ok          q_err = 4.21e-06  0.94 s
  c = 1    CGVI  s = 4 m = 3  ok          q_err = 1.66e-07  1.41 s
  c = 1    CGVI  s = 4 m = 4  ok          q_err = 1.66e-08  1.90 s
  c = 1    CGVI  s = 5 m = 1  ok          q_err = 5.38e-06  0.53 s
  c = 1    CGVI  s = 5 m = 2  ok          q_err = 5.43e-09  1.05 s
  c = 1    CGVI  s = 5 m = 3  ok          q_err = 9.49e-11  1.58 s
  c = 1    CGVI  s = 5 m = 4  ok          q_err = 6.09e-12  2.10 s
  c = 1    CGVI  s = 6 m = 1  ok          q_err = 1.96e-08  0.58 s
  c = 1    CGVI  s = 6 m = 2  ok          q_err = 5.65e-12  1.13 s
  c = 1    CGVI  s = 6 m = 3  ok          q_err = 1.49e-12  1.69 s
  c = 1    CGVI  s = 6 m = 4  ok          q_err = 1.77e-12  2.27 s
  c = 1    Gauss s = 1 m = 1  ok          q_err = 1.99e+00  0.17 s
  c = 1    Gauss s = 2 m = 1  ok          q_err = 1.25e+00  0.19 s
  c = 1    Gauss s = 3 m = 1  ok          q_err = 2.55e-01  0.22 s
  c = 1    Gauss s = 4 m = 1  ok          q_err = 2.06e-03  0.24 s
  c = 1    Gauss s = 5 m = 1  ok          q_err = 1.07e-05  0.26 s
  c = 1    Gauss s = 6 m = 1  ok          q_err = 3.91e-08  0.29 s
  c = 3    CGVI  s = 2 m = 1  unconverged q_err = 1.20e+05  0.16 s
  c = 3    CGVI  s = 2 m = 2  ok          q_err = 1.73e+00  0.21 s
  c = 3    CGVI  s = 2 m = 3  ok          q_err = 1.97e+00  0.32 s
  c = 3    CGVI  s = 2 m = 4  ok          q_err = 2.00e+00  0.44 s
  c = 3    CGVI  s = 3 m = 1  ok          q_err = 1.53e+00  0.14 s
  c = 3    CGVI  s = 3 m = 2  ok          q_err = 1.24e+00  0.25 s
  c = 3    CGVI  s = 3 m = 3  ok          q_err = 1.29e-01  0.39 s
  c = 3    CGVI  s = 3 m = 4  ok          q_err = 2.37e-02  0.53 s
  c = 3    CGVI  s = 4 m = 1  ok          q_err = 1.68e+00  0.16 s
  c = 3    CGVI  s = 4 m = 2  ok          q_err = 2.48e-02  0.32 s
  c = 3    CGVI  s = 4 m = 3  ok          q_err = 1.03e-03  0.46 s
  c = 3    CGVI  s = 4 m = 4  ok          q_err = 1.06e-04  0.62 s
  c = 3    CGVI  s = 5 m = 1  ok          q_err = 2.19e-01  0.19 s
  c = 3    CGVI  s = 5 m = 2  ok          q_err = 2.93e-04  0.37 s
  c = 3    CGVI  s = 5 m = 3  ok          q_err = 5.38e-06  0.58 s
  c = 3    CGVI  s = 5 m = 4  ok          q_err = 3.09e-07  0.70 s
  c = 3    CGVI  s = 6 m = 1  ok          q_err = 7.60e-03  0.21 s
  c = 3    CGVI  s = 6 m = 2  ok          q_err = 2.42e-06  0.41 s
  c = 3    CGVI  s = 6 m = 3  ok          q_err = 1.96e-08  0.59 s
  c = 3    CGVI  s = 6 m = 4  ok          q_err = 6.32e-10  0.76 s
  c = 3    Gauss s = 1 m = 1  ok          q_err = 1.96e+00  0.06 s
  c = 3    Gauss s = 2 m = 1  ok          q_err = 1.95e+00  0.07 s
  c = 3    Gauss s = 3 m = 1  ok          q_err = 1.34e+00  0.08 s
  c = 3    Gauss s = 4 m = 1  ok          q_err = 1.60e+00  0.09 s
  c = 3    Gauss s = 5 m = 1  ok          q_err = 4.20e-01  0.10 s
  c = 3    Gauss s = 6 m = 1  ok          q_err = 1.48e-02  0.11 s
  c = 10   CGVI  s = 2 m = 1  failed:NonlinearSolverException q_err = NaN  0.03 s
  c = 10   CGVI  s = 2 m = 2  ok          q_err = 1.83e+02  0.09 s
  c = 10   CGVI  s = 2 m = 3  ok          q_err = 3.34e+04  0.14 s
  c = 10   CGVI  s = 2 m = 4  unconverged q_err = 1.41e+11  0.19 s
  c = 10   CGVI  s = 3 m = 1  unconverged q_err = 3.55e+73  0.06 s
  c = 10   CGVI  s = 3 m = 2  unconverged q_err = 3.01e+52  0.11 s
  c = 10   CGVI  s = 3 m = 3  ok          q_err = 1.32e+00  0.13 s
  c = 10   CGVI  s = 3 m = 4  ok          q_err = 2.17e+00  0.16 s
  c = 10   CGVI  s = 4 m = 1  unconverged q_err = 1.35e+28  0.06 s
  c = 10   CGVI  s = 4 m = 2  ok          q_err = 7.12e+00  0.12 s
  c = 10   CGVI  s = 4 m = 3  ok          q_err = 1.88e+00  0.14 s
  c = 10   CGVI  s = 4 m = 4  ok          q_err = 1.10e+00  0.19 s
  c = 10   CGVI  s = 5 m = 1  unconverged q_err = 1.93e+29  0.07 s
  c = 10   CGVI  s = 5 m = 2  ok          q_err = 1.86e+00  0.11 s
  c = 10   CGVI  s = 5 m = 3  ok          q_err = 5.61e-01  0.17 s
  c = 10   CGVI  s = 5 m = 4  ok          q_err = 4.00e-02  0.22 s
  c = 10   CGVI  s = 6 m = 1  unconverged q_err = 1.41e+09  0.07 s
  c = 10   CGVI  s = 6 m = 2  ok          q_err = 1.58e+00  0.12 s
  c = 10   CGVI  s = 6 m = 3  ok          q_err = 2.47e-02  0.19 s
  c = 10   CGVI  s = 6 m = 4  ok          q_err = 9.51e-04  0.26 s
  c = 10   Gauss s = 1 m = 1  ok          q_err = 1.94e+00  0.02 s
  c = 10   Gauss s = 2 m = 1  ok          q_err = 1.98e+00  0.03 s
  c = 10   Gauss s = 3 m = 1  ok          q_err = 2.00e+00  0.03 s
  c = 10   Gauss s = 4 m = 1  ok          q_err = 1.87e+00  0.03 s
  c = 10   Gauss s = 5 m = 1  ok          q_err = 1.62e+00  0.04 s
  c = 10   Gauss s = 6 m = 1  ok          q_err = 1.42e+00  0.04 s

── P3_e0.9: T = 62.83185307179586, Terr = 62.83185307179586, h Ω ∈ [0.1, 0.3, 1.0, 3.0, 10.0]
reference: exact, dt = 0, |dt - dt/2| = 0.00e+00 (0.0 s)
  c = 0.1  CGVI  s = 2 m = 1  unconverged q_err = 3.28e+01  0.17 s
  c = 0.1  CGVI  s = 2 m = 2  ok          q_err = 1.03e+00  0.20 s
  c = 0.1  CGVI  s = 2 m = 3  ok          q_err = 1.05e+00  0.25 s
  c = 0.1  CGVI  s = 2 m = 4  ok          q_err = 6.04e-01  0.30 s
  c = 0.1  CGVI  s = 3 m = 1  ok          q_err = 5.34e+00  0.06 s
  c = 0.1  CGVI  s = 3 m = 2  ok          q_err = 6.79e-01  0.11 s
  c = 0.1  CGVI  s = 3 m = 3  ok          q_err = 2.23e-01  0.17 s
  c = 0.1  CGVI  s = 3 m = 4  ok          q_err = 5.77e-02  0.24 s
  c = 0.1  CGVI  s = 4 m = 1  ok          q_err = 1.36e+00  0.07 s
  c = 0.1  CGVI  s = 4 m = 2  ok          q_err = 3.31e-01  0.13 s
  c = 0.1  CGVI  s = 4 m = 3  ok          q_err = 2.31e-02  0.21 s
  c = 0.1  CGVI  s = 4 m = 4  ok          q_err = 1.29e-03  0.29 s
  c = 0.1  CGVI  s = 5 m = 1  ok          q_err = 1.09e+00  0.10 s
  c = 0.1  CGVI  s = 5 m = 2  ok          q_err = 5.61e-02  0.16 s
  c = 0.1  CGVI  s = 5 m = 3  ok          q_err = 3.52e-04  0.26 s
  c = 0.1  CGVI  s = 5 m = 4  ok          q_err = 5.21e-05  0.35 s
  c = 0.1  CGVI  s = 6 m = 1  ok          q_err = 6.35e-01  0.12 s
  c = 0.1  CGVI  s = 6 m = 2  ok          q_err = 2.22e-03  0.19 s
  c = 0.1  CGVI  s = 6 m = 3  ok          q_err = 6.66e-05  0.29 s
  c = 0.1  CGVI  s = 6 m = 4  ok          q_err = 1.51e-06  0.41 s
  c = 0.1  Gauss s = 1 m = 1  unconverged q_err = 2.76e+01  0.02 s
  c = 0.1  Gauss s = 2 m = 1  unconverged q_err = 2.90e+01  0.02 s
  c = 0.1  Gauss s = 3 m = 1  ok          q_err = 3.77e+01  0.02 s
  c = 0.1  Gauss s = 4 m = 1  ok          q_err = 1.36e+01  0.03 s
  c = 0.1  Gauss s = 5 m = 1  ok          q_err = 1.75e+03  0.04 s
  c = 0.1  Gauss s = 6 m = 1  unconverged q_err = 1.65e+02  0.04 s
  c = 0.3  CGVI  s = 2 m = 1  unconverged q_err = 1.09e+02  0.12 s
  c = 0.3  CGVI  s = 2 m = 2  unconverged q_err = 7.42e+01  0.14 s
  c = 0.3  CGVI  s = 2 m = 3  unconverged q_err = 3.26e+01  0.06 s
  c = 0.3  CGVI  s = 2 m = 4  ok          q_err = 1.25e+01  0.18 s
  c = 0.3  CGVI  s = 3 m = 1  ok          q_err = 1.25e+02  0.02 s
  c = 0.3  CGVI  s = 3 m = 2  unconverged q_err = 8.36e+01  0.04 s
  c = 0.3  CGVI  s = 3 m = 3  ok          q_err = 2.16e+00  0.06 s
  c = 0.3  CGVI  s = 3 m = 4  ok          q_err = 1.04e+00  0.08 s
  c = 0.3  CGVI  s = 4 m = 1  ok          q_err = 1.52e+02  0.03 s
  c = 0.3  CGVI  s = 4 m = 2  ok          q_err = 3.09e+01  0.05 s
  c = 0.3  CGVI  s = 4 m = 3  ok          q_err = 2.52e+00  0.07 s
  c = 0.3  CGVI  s = 4 m = 4  ok          q_err = 1.02e+00  0.09 s
  c = 0.3  CGVI  s = 5 m = 1  ok          q_err = 1.10e+02  0.03 s
  c = 0.3  CGVI  s = 5 m = 2  ok          q_err = 1.55e+01  0.06 s
  c = 0.3  CGVI  s = 5 m = 3  ok          q_err = 1.01e+00  0.09 s
  c = 0.3  CGVI  s = 5 m = 4  ok          q_err = 8.03e-01  0.11 s
  c = 0.3  CGVI  s = 6 m = 1  unconverged q_err = 1.87e+02  0.04 s
  c = 0.3  CGVI  s = 6 m = 2  ok          q_err = 8.68e+00  0.07 s
  c = 0.3  CGVI  s = 6 m = 3  ok          q_err = 6.59e-01  0.10 s
  c = 0.3  CGVI  s = 6 m = 4  ok          q_err = 3.45e-01  0.13 s
  c = 0.3  Gauss s = 1 m = 1  ok          q_err = 1.09e+02  0.01 s
  c = 0.3  Gauss s = 2 m = 1  unconverged q_err = 1.72e+01  0.01 s
  c = 0.3  Gauss s = 3 m = 1  unconverged q_err = 2.53e+02  0.01 s
  c = 0.3  Gauss s = 4 m = 1  unconverged q_err = 8.04e+01  0.01 s
  c = 0.3  Gauss s = 5 m = 1  ok          q_err = 3.46e+01  0.01 s
  c = 0.3  Gauss s = 6 m = 1  unconverged q_err = 1.53e+02  0.01 s
  c = 1    CGVI  s = 2 m = 1  unconverged q_err = 4.20e+01  0.11 s
  c = 1    CGVI  s = 2 m = 2  unconverged q_err = 1.27e+02  0.11 s
  c = 1    CGVI  s = 2 m = 3  unconverged q_err = 9.91e+01  0.12 s
  c = 1    CGVI  s = 2 m = 4  unconverged q_err = 1.87e+02  0.13 s
  c = 1    CGVI  s = 3 m = 1  unconverged q_err = 6.18e+01  0.01 s
  c = 1    CGVI  s = 3 m = 2  unconverged q_err = 2.19e+02  0.02 s
  c = 1    CGVI  s = 3 m = 3  ok          q_err = 1.85e+02  0.02 s
  c = 1    CGVI  s = 3 m = 4  ok          q_err = 1.60e+02  0.03 s
  c = 1    CGVI  s = 4 m = 1  ok          q_err = 1.50e+02  0.01 s
  c = 1    CGVI  s = 4 m = 2  unconverged q_err = 5.80e+00  0.02 s
  c = 1    CGVI  s = 4 m = 3  unconverged q_err = 9.66e+01  0.03 s
  c = 1    CGVI  s = 4 m = 4  unconverged q_err = 1.32e+02  0.03 s
  c = 1    CGVI  s = 5 m = 1  unconverged q_err = 7.38e+01  0.01 s
  c = 1    CGVI  s = 5 m = 2  unconverged q_err = 1.31e+02  0.02 s
  c = 1    CGVI  s = 5 m = 3  unconverged q_err = 8.59e+01  0.03 s
  c = 1    CGVI  s = 5 m = 4  unconverged q_err = 1.27e+02  0.04 s
  c = 1    CGVI  s = 6 m = 1  unconverged q_err = 5.02e+01  0.01 s
  c = 1    CGVI  s = 6 m = 2  ok          q_err = 7.30e+01  0.02 s
  c = 1    CGVI  s = 6 m = 3  ok          q_err = 5.86e+01  0.03 s
  c = 1    CGVI  s = 6 m = 4  ok          q_err = 3.08e+01  0.04 s
  c = 1    Gauss s = 1 m = 1  ok          q_err = 1.34e+02  0.00 s
  c = 1    Gauss s = 2 m = 1  ok          q_err = 1.17e+02  0.00 s
  c = 1    Gauss s = 3 m = 1  ok          q_err = 8.86e+01  0.00 s
  c = 1    Gauss s = 4 m = 1  ok          q_err = 3.16e+01  0.00 s
  c = 1    Gauss s = 5 m = 1  unconverged q_err = 7.76e+01  0.01 s
  c = 1    Gauss s = 6 m = 1  unconverged q_err = 6.03e+01  0.01 s
  c = 3    CGVI  s = 2 m = 1  ok          q_err = 1.22e+02  0.12 s
  c = 3    CGVI  s = 2 m = 2  ok          q_err = 1.01e+02  0.13 s
  c = 3    CGVI  s = 2 m = 3  unconverged q_err = 4.06e+01  0.01 s
  c = 3    CGVI  s = 2 m = 4  unconverged q_err = 6.49e+01  0.13 s
  c = 3    CGVI  s = 3 m = 1  ok          q_err = 1.11e+02  0.00 s
  c = 3    CGVI  s = 3 m = 2  ok          q_err = 6.13e+01  0.01 s
  c = 3    CGVI  s = 3 m = 3  unconverged q_err = 5.97e+01  0.01 s
  c = 3    CGVI  s = 3 m = 4  ok          q_err = 5.23e+01  0.01 s
  c = 3    CGVI  s = 4 m = 1  ok          q_err = 9.44e+01  0.00 s
  c = 3    CGVI  s = 4 m = 2  unconverged q_err = 7.83e+01  0.01 s
  c = 3    CGVI  s = 4 m = 3  ok          q_err = 1.44e+02  0.01 s
  c = 3    CGVI  s = 4 m = 4  unconverged q_err = 5.67e+01  0.01 s
  c = 3    CGVI  s = 5 m = 1  ok          q_err = 6.99e+01  0.00 s
  c = 3    CGVI  s = 5 m = 2  ok          q_err = 1.31e+02  0.01 s
  c = 3    CGVI  s = 5 m = 3  unconverged q_err = 7.10e+01  0.01 s
  c = 3    CGVI  s = 5 m = 4  unconverged q_err = 1.16e+02  0.02 s
  c = 3    CGVI  s = 6 m = 1  ok          q_err = 2.50e+01  0.00 s
  c = 3    CGVI  s = 6 m = 2  unconverged q_err = 6.56e+01  0.01 s
  c = 3    CGVI  s = 6 m = 3  unconverged q_err = 4.82e+01  0.01 s
  c = 3    CGVI  s = 6 m = 4  unconverged q_err = 1.39e+01  0.02 s
  c = 3    Gauss s = 1 m = 1  ok          q_err = 1.35e+02  0.00 s
  c = 3    Gauss s = 2 m = 1  ok          q_err = 1.31e+02  0.00 s
  c = 3    Gauss s = 3 m = 1  ok          q_err = 1.23e+02  0.00 s
  c = 3    Gauss s = 4 m = 1  ok          q_err = 1.13e+02  0.00 s
  c = 3    Gauss s = 5 m = 1  ok          q_err = 9.82e+01  0.00 s
  c = 3    Gauss s = 6 m = 1  ok          q_err = 7.84e+01  0.00 s
  c = 10   CGVI  s = 2 m = 1  ok          q_err = 1.35e+02  0.00 s
  c = 10   CGVI  s = 2 m = 2  ok          q_err = 1.30e+02  0.12 s
  c = 10   CGVI  s = 2 m = 3  ok          q_err = 1.25e+02  0.12 s
  c = 10   CGVI  s = 2 m = 4  ok          q_err = 1.19e+02  0.12 s
  c = 10   CGVI  s = 3 m = 1  ok          q_err = 1.32e+02  0.00 s
  c = 10   CGVI  s = 3 m = 2  ok          q_err = 1.24e+02  0.00 s
  c = 10   CGVI  s = 3 m = 3  ok          q_err = 1.15e+02  0.00 s
  c = 10   CGVI  s = 3 m = 4  ok          q_err = 1.05e+02  0.00 s
  c = 10   CGVI  s = 4 m = 1  ok          q_err = 1.28e+02  0.00 s
  c = 10   CGVI  s = 4 m = 2  ok          q_err = 1.15e+02  0.00 s
  c = 10   CGVI  s = 4 m = 3  ok          q_err = 1.01e+02  0.00 s
  c = 10   CGVI  s = 4 m = 4  ok          q_err = 8.19e+01  0.00 s
  c = 10   CGVI  s = 5 m = 1  ok          q_err = 1.23e+02  0.00 s
  c = 10   CGVI  s = 5 m = 2  ok          q_err = 1.05e+02  0.00 s
  c = 10   CGVI  s = 5 m = 3  ok          q_err = 8.05e+01  0.00 s
  c = 10   CGVI  s = 5 m = 4  ok          q_err = 4.22e+01  0.00 s
  c = 10   CGVI  s = 6 m = 1  ok          q_err = 1.18e+02  0.00 s
  c = 10   CGVI  s = 6 m = 2  ok          q_err = 9.06e+01  0.00 s
  c = 10   CGVI  s = 6 m = 3  ok          q_err = 4.94e+01  0.00 s
  c = 10   CGVI  s = 6 m = 4  unconverged q_err = 2.07e+02  0.01 s
  c = 10   Gauss s = 1 m = 1  ok          q_err = 1.38e+02  0.00 s
  c = 10   Gauss s = 2 m = 1  ok          q_err = 1.37e+02  0.00 s
  c = 10   Gauss s = 3 m = 1  ok          q_err = 1.35e+02  0.00 s
  c = 10   Gauss s = 4 m = 1  ok          q_err = 1.32e+02  0.00 s
  c = 10   Gauss s = 5 m = 1  ok          q_err = 1.28e+02  0.00 s
  c = 10   Gauss s = 6 m = 1  ok          q_err = 1.24e+02  0.00 s

── P3_e0.99: T = 62.83185307179586, Terr = 62.83185307179586, h Ω ∈ [0.1, 0.3, 1.0, 3.0, 10.0]
reference: exact, dt = 0, |dt - dt/2| = 0.00e+00 (0.0 s)
  c = 0.1  CGVI  s = 2 m = 1  ok          q_err = 4.01e+02  0.06 s
  c = 0.1  CGVI  s = 2 m = 2  ok          q_err = 3.44e+02  0.11 s
  c = 0.1  CGVI  s = 2 m = 3  ok          q_err = 2.52e+02  0.16 s
  c = 0.1  CGVI  s = 2 m = 4  unconverged q_err = 1.72e+02  0.22 s
  c = 0.1  CGVI  s = 3 m = 1  ok          q_err = 3.69e+02  0.06 s
  c = 0.1  CGVI  s = 3 m = 2  ok          q_err = 2.51e+02  0.12 s
  c = 0.1  CGVI  s = 3 m = 3  unconverged q_err = 8.13e+01  0.19 s
  c = 0.1  CGVI  s = 3 m = 4  unconverged q_err = 2.21e+02  0.25 s
  c = 0.1  CGVI  s = 4 m = 1  ok          q_err = 3.25e+02  0.07 s
  c = 0.1  CGVI  s = 4 m = 2  unconverged q_err = 2.65e+02  0.14 s
  c = 0.1  CGVI  s = 4 m = 3  unconverged q_err = 1.77e+02  0.22 s
  c = 0.1  CGVI  s = 4 m = 4  unconverged q_err = 3.35e+02  0.28 s
  c = 0.1  CGVI  s = 5 m = 1  ok          q_err = 2.63e+02  0.09 s
  c = 0.1  CGVI  s = 5 m = 2  unconverged q_err = 1.07e+03  0.18 s
  c = 0.1  CGVI  s = 5 m = 3  unconverged q_err = 1.66e+02  0.41 s
  c = 0.1  CGVI  s = 5 m = 4  unconverged q_err = 1.48e+02  0.35 s
  c = 0.1  CGVI  s = 6 m = 1  ok          q_err = 1.70e+02  0.10 s
  c = 0.1  CGVI  s = 6 m = 2  unconverged q_err = 1.22e+02  0.21 s
  c = 0.1  CGVI  s = 6 m = 3  unconverged q_err = 2.14e+02  0.31 s
  c = 0.1  CGVI  s = 6 m = 4  unconverged q_err = 4.67e+02  0.41 s
  c = 0.1  Gauss s = 1 m = 1  ok          q_err = 4.37e+02  0.02 s
  c = 0.1  Gauss s = 2 m = 1  ok          q_err = 4.24e+02  0.02 s
  c = 0.1  Gauss s = 3 m = 1  ok          q_err = 4.03e+02  0.02 s
  c = 0.1  Gauss s = 4 m = 1  ok          q_err = 3.73e+02  0.03 s
  c = 0.1  Gauss s = 5 m = 1  ok          q_err = 3.33e+02  0.03 s
  c = 0.1  Gauss s = 6 m = 1  ok          q_err = 2.80e+02  0.03 s
  c = 0.3  CGVI  s = 2 m = 1  ok          q_err = 4.31e+02  0.02 s
  c = 0.3  CGVI  s = 2 m = 2  ok          q_err = 4.16e+02  0.04 s
  c = 0.3  CGVI  s = 2 m = 3  ok          q_err = 4.00e+02  0.06 s
  c = 0.3  CGVI  s = 2 m = 4  ok          q_err = 3.83e+02  0.07 s
  c = 0.3  CGVI  s = 3 m = 1  ok          q_err = 4.22e+02  0.02 s
  c = 0.3  CGVI  s = 3 m = 2  ok          q_err = 3.97e+02  0.04 s
  c = 0.3  CGVI  s = 3 m = 3  ok          q_err = 3.69e+02  0.06 s
  c = 0.3  CGVI  s = 3 m = 4  ok          q_err = 3.37e+02  0.08 s
  c = 0.3  CGVI  s = 4 m = 1  ok          q_err = 4.10e+02  0.03 s
  c = 0.3  CGVI  s = 4 m = 2  ok          q_err = 3.71e+02  0.05 s
  c = 0.3  CGVI  s = 4 m = 3  ok          q_err = 3.24e+02  0.07 s
  c = 0.3  CGVI  s = 4 m = 4  ok          q_err = 2.67e+02  0.10 s
  c = 0.3  CGVI  s = 5 m = 1  ok          q_err = 3.96e+02  0.03 s
  c = 0.3  CGVI  s = 5 m = 2  ok          q_err = 3.37e+02  0.06 s
  c = 0.3  CGVI  s = 5 m = 3  ok          q_err = 2.62e+02  0.09 s
  c = 0.3  CGVI  s = 5 m = 4  ok          q_err = 1.51e+02  0.12 s
  c = 0.3  CGVI  s = 6 m = 1  ok          q_err = 3.78e+02  0.03 s
  c = 0.3  CGVI  s = 6 m = 2  ok          q_err = 2.93e+02  0.07 s
  c = 0.3  CGVI  s = 6 m = 3  ok          q_err = 1.70e+02  0.10 s
  c = 0.3  CGVI  s = 6 m = 4  unconverged q_err = 6.75e+02  0.14 s
  c = 0.3  Gauss s = 1 m = 1  ok          q_err = 4.42e+02  0.01 s
  c = 0.3  Gauss s = 2 m = 1  ok          q_err = 4.38e+02  0.01 s
  c = 0.3  Gauss s = 3 m = 1  ok          q_err = 4.31e+02  0.01 s
  c = 0.3  Gauss s = 4 m = 1  ok          q_err = 4.22e+02  0.01 s
  c = 0.3  Gauss s = 5 m = 1  ok          q_err = 4.11e+02  0.01 s
  c = 0.3  Gauss s = 6 m = 1  ok          q_err = 3.97e+02  0.01 s
  c = 1    CGVI  s = 2 m = 1  ok          q_err = 4.36e+02  0.01 s
  c = 1    CGVI  s = 2 m = 2  ok          q_err = 4.32e+02  0.01 s
  c = 1    CGVI  s = 2 m = 3  ok          q_err = 4.27e+02  0.02 s
  c = 1    CGVI  s = 2 m = 4  ok          q_err = 4.23e+02  0.02 s
  c = 1    CGVI  s = 3 m = 1  ok          q_err = 4.33e+02  0.01 s
  c = 1    CGVI  s = 3 m = 2  ok          q_err = 4.26e+02  0.01 s
  c = 1    CGVI  s = 3 m = 3  ok          q_err = 4.19e+02  0.02 s
  c = 1    CGVI  s = 3 m = 4  ok          q_err = 4.12e+02  0.03 s
  c = 1    CGVI  s = 4 m = 1  ok          q_err = 4.30e+02  0.01 s
  c = 1    CGVI  s = 4 m = 2  ok          q_err = 4.20e+02  0.02 s
  c = 1    CGVI  s = 4 m = 3  ok          q_err = 4.09e+02  0.02 s
  c = 1    CGVI  s = 4 m = 4  ok          q_err = 3.98e+02  0.03 s
  c = 1    CGVI  s = 5 m = 1  ok          q_err = 4.26e+02  0.01 s
  c = 1    CGVI  s = 5 m = 2  ok          q_err = 4.12e+02  0.02 s
  c = 1    CGVI  s = 5 m = 3  ok          q_err = 3.96e+02  0.03 s
  c = 1    CGVI  s = 5 m = 4  ok          q_err = 3.81e+02  0.04 s
  c = 1    CGVI  s = 6 m = 1  ok          q_err = 4.21e+02  0.01 s
  c = 1    CGVI  s = 6 m = 2  ok          q_err = 4.02e+02  0.02 s
  c = 1    CGVI  s = 6 m = 3  ok          q_err = 3.81e+02  0.03 s
  c = 1    CGVI  s = 6 m = 4  ok          q_err = 3.59e+02  0.04 s
  c = 1    Gauss s = 1 m = 1  ok          q_err = 4.39e+02  0.00 s
  c = 1    Gauss s = 2 m = 1  ok          q_err = 4.38e+02  0.00 s
  c = 1    Gauss s = 3 m = 1  ok          q_err = 4.36e+02  0.00 s
  c = 1    Gauss s = 4 m = 1  ok          q_err = 4.33e+02  0.00 s
  c = 1    Gauss s = 5 m = 1  ok          q_err = 4.30e+02  0.00 s
  c = 1    Gauss s = 6 m = 1  ok          q_err = 4.26e+02  0.00 s
  c = 3    CGVI  s = 2 m = 1  ok          q_err = 4.25e+02  0.00 s
  c = 3    CGVI  s = 2 m = 2  ok          q_err = 4.23e+02  0.00 s
  c = 3    CGVI  s = 2 m = 3  ok          q_err = 4.22e+02  0.01 s
  c = 3    CGVI  s = 2 m = 4  ok          q_err = 4.21e+02  0.01 s
  c = 3    CGVI  s = 3 m = 1  ok          q_err = 4.24e+02  0.00 s
  c = 3    CGVI  s = 3 m = 2  ok          q_err = 4.22e+02  0.01 s
  c = 3    CGVI  s = 3 m = 3  ok          q_err = 4.20e+02  0.01 s
  c = 3    CGVI  s = 3 m = 4  ok          q_err = 4.17e+02  0.01 s
  c = 3    CGVI  s = 4 m = 1  ok          q_err = 4.23e+02  0.00 s
  c = 3    CGVI  s = 4 m = 2  ok          q_err = 4.20e+02  0.01 s
  c = 3    CGVI  s = 4 m = 3  ok          q_err = 4.16e+02  0.01 s
  c = 3    CGVI  s = 4 m = 4  ok          q_err = 4.13e+02  0.01 s
  c = 3    CGVI  s = 5 m = 1  ok          q_err = 4.22e+02  0.00 s
  c = 3    CGVI  s = 5 m = 2  ok          q_err = 4.17e+02  0.01 s
  c = 3    CGVI  s = 5 m = 3  ok          q_err = 4.13e+02  0.01 s
  c = 3    CGVI  s = 5 m = 4  ok          q_err = 4.08e+02  0.01 s
  c = 3    CGVI  s = 6 m = 1  ok          q_err = 4.20e+02  0.00 s
  c = 3    CGVI  s = 6 m = 2  ok          q_err = 4.14e+02  0.01 s
  c = 3    CGVI  s = 6 m = 3  ok          q_err = 4.08e+02  0.01 s
  c = 3    CGVI  s = 6 m = 4  ok          q_err = 4.02e+02  0.01 s
  c = 3    Gauss s = 1 m = 1  ok          q_err = 4.26e+02  0.00 s
  c = 3    Gauss s = 2 m = 1  ok          q_err = 4.25e+02  0.00 s
  c = 3    Gauss s = 3 m = 1  ok          q_err = 4.25e+02  0.00 s
  c = 3    Gauss s = 4 m = 1  ok          q_err = 4.24e+02  0.00 s
  c = 3    Gauss s = 5 m = 1  ok          q_err = 4.23e+02  0.00 s
  c = 3    Gauss s = 6 m = 1  ok          q_err = 4.22e+02  0.00 s
  c = 10   CGVI  s = 2 m = 1  ok          q_err = 4.28e+02  0.00 s
  c = 10   CGVI  s = 2 m = 2  ok          q_err = 4.27e+02  0.00 s
  c = 10   CGVI  s = 2 m = 3  ok          q_err = 4.27e+02  0.00 s
  c = 10   CGVI  s = 2 m = 4  ok          q_err = 4.26e+02  0.00 s
  c = 10   CGVI  s = 3 m = 1  ok          q_err = 4.27e+02  0.00 s
  c = 10   CGVI  s = 3 m = 2  ok          q_err = 4.27e+02  0.00 s
  c = 10   CGVI  s = 3 m = 3  ok          q_err = 4.26e+02  0.00 s
  c = 10   CGVI  s = 3 m = 4  ok          q_err = 4.25e+02  0.00 s
  c = 10   CGVI  s = 4 m = 1  ok          q_err = 4.27e+02  0.00 s
  c = 10   CGVI  s = 4 m = 2  ok          q_err = 4.26e+02  0.00 s
  c = 10   CGVI  s = 4 m = 3  ok          q_err = 4.25e+02  0.00 s
  c = 10   CGVI  s = 4 m = 4  ok          q_err = 4.24e+02  0.00 s
  c = 10   CGVI  s = 5 m = 1  ok          q_err = 4.27e+02  0.00 s
  c = 10   CGVI  s = 5 m = 2  ok          q_err = 4.25e+02  0.00 s
  c = 10   CGVI  s = 5 m = 3  ok          q_err = 4.24e+02  0.00 s
  c = 10   CGVI  s = 5 m = 4  ok          q_err = 4.23e+02  0.00 s
  c = 10   CGVI  s = 6 m = 1  ok          q_err = 4.26e+02  0.00 s
  c = 10   CGVI  s = 6 m = 2  ok          q_err = 4.25e+02  0.00 s
  c = 10   CGVI  s = 6 m = 3  ok          q_err = 4.23e+02  0.00 s
  c = 10   CGVI  s = 6 m = 4  ok          q_err = 4.21e+02  0.01 s
  c = 10   Gauss s = 1 m = 1  ok          q_err = 4.28e+02  0.00 s
  c = 10   Gauss s = 2 m = 1  ok          q_err = 4.28e+02  0.00 s
  c = 10   Gauss s = 3 m = 1  ok          q_err = 4.28e+02  0.00 s
  c = 10   Gauss s = 4 m = 1  ok          q_err = 4.27e+02  0.00 s
  c = 10   Gauss s = 5 m = 1  ok          q_err = 4.27e+02  0.00 s
  c = 10   Gauss s = 6 m = 1  ok          q_err = 4.27e+02  0.00 s

── P4_E0.02: T = 1000.0, Terr = 100.0, h Ω ∈ [0.1, 0.3, 1.0, 3.0, 10.0]
reference: Gauss(8), dt = 0.002, |dt - dt/2| = 2.23e-13 (15.8 s)
  c = 0.1  CGVI  s = 2 m = 1  ok          q_err = 6.38e-06  0.88 s
  c = 0.1  CGVI  s = 2 m = 2  ok          q_err = 3.99e-07  1.52 s
  c = 0.1  CGVI  s = 2 m = 3  ok          q_err = 7.88e-08  2.06 s
  c = 0.1  CGVI  s = 2 m = 4  ok          q_err = 2.49e-08  2.76 s
  c = 0.1  CGVI  s = 3 m = 1  ok          q_err = 6.57e-10  0.90 s
  c = 0.1  CGVI  s = 3 m = 2  ok          q_err = 1.04e-11  1.61 s
  c = 0.1  CGVI  s = 3 m = 3  ok          q_err = 8.35e-13  2.26 s
  c = 0.1  CGVI  s = 3 m = 4  ok          q_err = 1.09e-13  3.08 s
  c = 0.1  CGVI  s = 4 m = 1  ok          q_err = 2.01e-13  1.07 s
  c = 0.1  CGVI  s = 4 m = 2  ok          q_err = 2.98e-13  1.92 s
  c = 0.1  CGVI  s = 4 m = 3  ok          q_err = 5.60e-13  2.64 s
  c = 0.1  CGVI  s = 4 m = 4  ok          q_err = 6.43e-13  3.72 s
  c = 0.1  CGVI  s = 5 m = 1  ok          q_err = 2.26e-13  1.29 s
  c = 0.1  CGVI  s = 5 m = 2  ok          q_err = 6.82e-13  2.21 s
  c = 0.1  CGVI  s = 5 m = 3  ok          q_err = 7.17e-13  3.10 s
  c = 0.1  CGVI  s = 5 m = 4  ok          q_err = 9.39e-13  4.71 s
  c = 0.1  CGVI  s = 6 m = 1  ok          q_err = 1.14e-12  1.50 s
  c = 0.1  CGVI  s = 6 m = 2  ok          q_err = 2.99e-13  2.51 s
  c = 0.1  CGVI  s = 6 m = 3  ok          q_err = 4.85e-13  3.56 s
  c = 0.1  CGVI  s = 6 m = 4  ok          q_err = 5.83e-13  5.64 s
  c = 0.1  Gauss s = 1 m = 1  ok          q_err = 7.29e-02  0.35 s
  c = 0.1  Gauss s = 2 m = 1  ok          q_err = 1.29e-05  0.31 s
  c = 0.1  Gauss s = 3 m = 1  ok          q_err = 1.29e-09  0.35 s
  c = 0.1  Gauss s = 4 m = 1  ok          q_err = 7.98e-14  0.40 s
  c = 0.1  Gauss s = 5 m = 1  ok          q_err = 9.89e-14  0.46 s
  c = 0.1  Gauss s = 6 m = 1  ok          q_err = 9.83e-14  0.54 s
  c = 0.3  CGVI  s = 2 m = 1  ok          q_err = 5.14e-04  0.34 s
  c = 0.3  CGVI  s = 2 m = 2  ok          q_err = 3.23e-05  0.59 s
  c = 0.3  CGVI  s = 2 m = 3  ok          q_err = 6.38e-06  0.75 s
  c = 0.3  CGVI  s = 2 m = 4  ok          q_err = 2.02e-06  1.16 s
  c = 0.3  CGVI  s = 3 m = 1  ok          q_err = 4.75e-07  0.26 s
  c = 0.3  CGVI  s = 3 m = 2  ok          q_err = 7.46e-09  0.57 s
  c = 0.3  CGVI  s = 3 m = 3  ok          q_err = 6.55e-10  0.89 s
  c = 0.3  CGVI  s = 3 m = 4  ok          q_err = 1.16e-10  1.30 s
  c = 0.3  CGVI  s = 4 m = 1  ok          q_err = 3.74e-10  0.32 s
  c = 0.3  CGVI  s = 4 m = 2  ok          q_err = 1.32e-12  0.69 s
  c = 0.3  CGVI  s = 4 m = 3  ok          q_err = 2.36e-13  1.07 s
  c = 0.3  CGVI  s = 4 m = 4  ok          q_err = 3.13e-12  1.56 s
  c = 0.3  CGVI  s = 5 m = 1  ok          q_err = 2.89e-13  0.39 s
  c = 0.3  CGVI  s = 5 m = 2  ok          q_err = 9.47e-14  0.83 s
  c = 0.3  CGVI  s = 5 m = 3  ok          q_err = 2.07e-13  1.28 s
  c = 0.3  CGVI  s = 5 m = 4  ok          q_err = 4.31e-12  1.97 s
  c = 0.3  CGVI  s = 6 m = 1  ok          q_err = 1.30e-13  0.45 s
  c = 0.3  CGVI  s = 6 m = 2  ok          q_err = 1.77e-13  1.09 s
  c = 0.3  CGVI  s = 6 m = 3  ok          q_err = 4.55e-13  1.50 s
  c = 0.3  CGVI  s = 6 m = 4  ok          q_err = 4.07e-12  2.18 s
  c = 0.3  Gauss s = 1 m = 1  ok          q_err = 6.36e-01  0.11 s
  c = 0.3  Gauss s = 2 m = 1  ok          q_err = 1.04e-03  0.13 s
  c = 0.3  Gauss s = 3 m = 1  ok          q_err = 9.30e-07  0.15 s
  c = 0.3  Gauss s = 4 m = 1  ok          q_err = 7.71e-10  0.17 s
  c = 0.3  Gauss s = 5 m = 1  ok          q_err = 5.10e-13  0.20 s
  c = 0.3  Gauss s = 6 m = 1  ok          q_err = 9.38e-14  0.24 s
  c = 1    CGVI  s = 2 m = 1  ok          q_err = 6.07e-02  0.21 s
  c = 1    CGVI  s = 2 m = 2  ok          q_err = 4.02e-03  0.25 s
  c = 1    CGVI  s = 2 m = 3  ok          q_err = 8.01e-04  0.32 s
  c = 1    CGVI  s = 2 m = 4  ok          q_err = 2.54e-04  0.39 s
  c = 1    CGVI  s = 3 m = 1  ok          q_err = 6.37e-04  0.09 s
  c = 1    CGVI  s = 3 m = 2  ok          q_err = 1.04e-05  0.15 s
  c = 1    CGVI  s = 3 m = 3  ok          q_err = 9.22e-07  0.23 s
  c = 1    CGVI  s = 3 m = 4  ok          q_err = 1.65e-07  0.32 s
  c = 1    CGVI  s = 4 m = 1  ok          q_err = 5.38e-06  0.11 s
  c = 1    CGVI  s = 4 m = 2  ok          q_err = 2.27e-08  0.18 s
  c = 1    CGVI  s = 4 m = 3  ok          q_err = 8.97e-10  0.28 s
  c = 1    CGVI  s = 4 m = 4  ok          q_err = 9.00e-11  0.39 s
  c = 1    CGVI  s = 5 m = 1  ok          q_err = 4.90e-08  0.13 s
  c = 1    CGVI  s = 5 m = 2  ok          q_err = 4.98e-11  0.21 s
  c = 1    CGVI  s = 5 m = 3  ok          q_err = 8.52e-13  0.35 s
  c = 1    CGVI  s = 5 m = 4  ok          q_err = 7.03e-14  0.48 s
  c = 1    CGVI  s = 6 m = 1  ok          q_err = 3.27e-10  0.15 s
  c = 1    CGVI  s = 6 m = 2  ok          q_err = 8.47e-14  0.25 s
  c = 1    CGVI  s = 6 m = 3  ok          q_err = 1.40e-13  0.40 s
  c = 1    CGVI  s = 6 m = 4  ok          q_err = 1.47e-13  0.55 s
  c = 1    Gauss s = 1 m = 1  ok          q_err = 1.76e+00  0.04 s
  c = 1    Gauss s = 2 m = 1  ok          q_err = 1.22e-01  0.05 s
  c = 1    Gauss s = 3 m = 1  ok          q_err = 1.22e-03  0.05 s
  c = 1    Gauss s = 4 m = 1  ok          q_err = 1.14e-05  0.06 s
  c = 1    Gauss s = 5 m = 1  ok          q_err = 9.03e-08  0.07 s
  c = 1    Gauss s = 6 m = 1  ok          q_err = 7.24e-10  0.08 s
  c = 3    CGVI  s = 2 m = 1  ok          q_err = 1.75e+00  0.16 s
  c = 3    CGVI  s = 2 m = 2  ok          q_err = 2.43e-01  0.18 s
  c = 3    CGVI  s = 2 m = 3  ok          q_err = 5.03e-02  0.08 s
  c = 3    CGVI  s = 2 m = 4  ok          q_err = 1.62e-02  0.23 s
  c = 3    CGVI  s = 3 m = 1  ok          q_err = 2.13e-01  0.04 s
  c = 3    CGVI  s = 3 m = 2  ok          q_err = 5.65e-03  0.06 s
  c = 3    CGVI  s = 3 m = 3  ok          q_err = 5.10e-04  0.09 s
  c = 3    CGVI  s = 3 m = 4  ok          q_err = 9.31e-05  0.12 s
  c = 3    CGVI  s = 4 m = 1  ok          q_err = 1.80e-02  0.05 s
  c = 3    CGVI  s = 4 m = 2  ok          q_err = 9.01e-05  0.07 s
  c = 3    CGVI  s = 4 m = 3  ok          q_err = 4.31e-06  0.11 s
  c = 3    CGVI  s = 4 m = 4  ok          q_err = 4.53e-07  0.14 s
  c = 3    CGVI  s = 5 m = 1  ok          q_err = 9.98e-04  0.06 s
  c = 3    CGVI  s = 5 m = 2  ok          q_err = 2.23e-06  0.08 s
  c = 3    CGVI  s = 5 m = 3  ok          q_err = 3.95e-08  0.13 s
  c = 3    CGVI  s = 5 m = 4  ok          q_err = 2.27e-09  0.17 s
  c = 3    CGVI  s = 6 m = 1  ok          q_err = 8.68e-05  0.06 s
  c = 3    CGVI  s = 6 m = 2  ok          q_err = 2.90e-08  0.10 s
  c = 3    CGVI  s = 6 m = 3  ok          q_err = 2.63e-10  0.15 s
  c = 3    CGVI  s = 6 m = 4  ok          q_err = 8.80e-12  0.19 s
  c = 3    Gauss s = 1 m = 1  ok          q_err = 1.69e+00  0.02 s
  c = 3    Gauss s = 2 m = 1  ok          q_err = 1.66e+00  0.02 s
  c = 3    Gauss s = 3 m = 1  ok          q_err = 4.73e-01  0.02 s
  c = 3    Gauss s = 4 m = 1  ok          q_err = 2.72e-02  0.03 s
  c = 3    Gauss s = 5 m = 1  ok          q_err = 2.62e-03  0.03 s
  c = 3    Gauss s = 6 m = 1  ok          q_err = 1.30e-04  0.04 s
  c = 10   CGVI  s = 2 m = 1  failed:NonlinearSolverException q_err = NaN  0.23 s
  c = 10   CGVI  s = 2 m = 2  failed:NonlinearSolverException q_err = NaN  0.23 s
  c = 10   CGVI  s = 2 m = 3  failed:NonlinearSolverException q_err = NaN  0.23 s
  c = 10   CGVI  s = 2 m = 4  ok          q_err = 1.25e+00  0.16 s
  c = 10   CGVI  s = 3 m = 1  failed:NonlinearSolverException q_err = NaN  0.11 s
  c = 10   CGVI  s = 3 m = 2  failed:NonlinearSolverException q_err = NaN  0.11 s
  c = 10   CGVI  s = 3 m = 3  ok          q_err = 3.32e-01  0.04 s
  c = 10   CGVI  s = 3 m = 4  ok          q_err = 6.23e-02  0.05 s
  c = 10   CGVI  s = 4 m = 1  failed:NonlinearSolverException q_err = NaN  0.13 s
  c = 10   CGVI  s = 4 m = 2  failed:NonlinearSolverException q_err = NaN  0.13 s
  c = 10   CGVI  s = 4 m = 3  ok          q_err = 2.16e-02  0.05 s
  c = 10   CGVI  s = 4 m = 4  ok          q_err = 4.07e-03  0.05 s
  c = 10   CGVI  s = 5 m = 1  failed:NonlinearSolverException q_err = NaN  0.15 s
  c = 10   CGVI  s = 5 m = 2  failed:NonlinearSolverException q_err = NaN  0.14 s
  c = 10   CGVI  s = 5 m = 3  ok          q_err = 2.85e-03  0.05 s
  c = 10   CGVI  s = 5 m = 4  ok          q_err = 1.56e-04  0.06 s
  c = 10   CGVI  s = 6 m = 1  failed:NonlinearSolverException q_err = NaN  0.17 s
  c = 10   CGVI  s = 6 m = 2  failed:NonlinearSolverException q_err = NaN  0.17 s
  c = 10   CGVI  s = 6 m = 3  ok          q_err = 1.32e-04  0.06 s
  c = 10   CGVI  s = 6 m = 4  ok          q_err = 1.01e-05  0.07 s
  c = 10   Gauss s = 1 m = 1  unconverged q_err = 3.69e+01  0.31 s
  c = 10   Gauss s = 2 m = 1  unconverged q_err = 5.24e+02  0.03 s
  c = 10   Gauss s = 3 m = 1  unconverged q_err = 8.74e+02  0.04 s
  c = 10   Gauss s = 4 m = 1  unconverged q_err = 5.50e+03  0.04 s
  c = 10   Gauss s = 5 m = 1  unconverged q_err = 1.29e+04  0.06 s
  c = 10   Gauss s = 6 m = 1  unconverged q_err = 1.21e+04  0.08 s

── P4_E0.135: T = 1000.0, Terr = 100.0, h Ω ∈ [0.1, 0.3, 1.0, 3.0, 10.0]
reference: Gauss(8), dt = 0.002, |dt - dt/2| = 1.23e-10 (9.9 s)
  c = 0.1  CGVI  s = 2 m = 1  ok          q_err = 2.66e-04  0.82 s
  c = 0.1  CGVI  s = 2 m = 2  ok          q_err = 1.65e-05  1.78 s
  c = 0.1  CGVI  s = 2 m = 3  ok          q_err = 3.26e-06  2.15 s
  c = 0.1  CGVI  s = 2 m = 4  ok          q_err = 1.03e-06  2.72 s
  c = 0.1  CGVI  s = 3 m = 1  ok          q_err = 8.08e-08  0.95 s
  c = 0.1  CGVI  s = 3 m = 2  ok          q_err = 8.70e-10  1.93 s
  c = 0.1  CGVI  s = 3 m = 3  ok          q_err = 5.85e-11  2.32 s
  c = 0.1  CGVI  s = 3 m = 4  ok          q_err = 5.41e-11  3.17 s
  c = 0.1  CGVI  s = 4 m = 1  ok          q_err = 2.16e-11  1.12 s
  c = 0.1  CGVI  s = 4 m = 2  ok          q_err = 5.07e-10  2.21 s
  c = 0.1  CGVI  s = 4 m = 3  ok          q_err = 1.17e-10  2.68 s
  c = 0.1  CGVI  s = 4 m = 4  ok          q_err = 6.16e-11  3.76 s
  c = 0.1  CGVI  s = 5 m = 1  ok          q_err = 1.75e-10  1.32 s
  c = 0.1  CGVI  s = 5 m = 2  ok          q_err = 1.24e-10  2.55 s
  c = 0.1  CGVI  s = 5 m = 3  ok          q_err = 4.25e-12  3.15 s
  c = 0.1  CGVI  s = 5 m = 4  ok          q_err = 2.37e-11  4.54 s
  c = 0.1  CGVI  s = 6 m = 1  ok          q_err = 7.23e-11  1.51 s
  c = 0.1  CGVI  s = 6 m = 2  ok          q_err = 7.04e-10  2.84 s
  c = 0.1  CGVI  s = 6 m = 3  ok          q_err = 1.20e-10  3.68 s
  c = 0.1  CGVI  s = 6 m = 4  ok          q_err = 6.48e-11  5.38 s
  c = 0.1  Gauss s = 1 m = 1  ok          q_err = 8.48e-01  0.34 s
  c = 0.1  Gauss s = 2 m = 1  ok          q_err = 6.44e-04  0.37 s
  c = 0.1  Gauss s = 3 m = 1  ok          q_err = 1.05e-07  0.38 s
  c = 0.1  Gauss s = 4 m = 1  ok          q_err = 3.67e-11  0.44 s
  c = 0.1  Gauss s = 5 m = 1  ok          q_err = 3.60e-11  0.51 s
  c = 0.1  Gauss s = 6 m = 1  ok          q_err = 4.50e-11  0.60 s
  c = 0.3  CGVI  s = 2 m = 1  ok          q_err = 2.72e-02  0.25 s
  c = 0.3  CGVI  s = 2 m = 2  ok          q_err = 1.36e-03  0.54 s
  c = 0.3  CGVI  s = 2 m = 3  ok          q_err = 2.64e-04  0.82 s
  c = 0.3  CGVI  s = 2 m = 4  ok          q_err = 8.33e-05  1.11 s
  c = 0.3  CGVI  s = 3 m = 1  ok          q_err = 6.06e-05  0.30 s
  c = 0.3  CGVI  s = 3 m = 2  ok          q_err = 9.19e-07  0.63 s
  c = 0.3  CGVI  s = 3 m = 3  ok          q_err = 8.02e-08  0.95 s
  c = 0.3  CGVI  s = 3 m = 4  ok          q_err = 1.47e-08  1.30 s
  c = 0.3  CGVI  s = 4 m = 1  ok          q_err = 7.36e-08  0.36 s
  c = 0.3  CGVI  s = 4 m = 2  ok          q_err = 3.65e-10  0.75 s
  c = 0.3  CGVI  s = 4 m = 3  ok          q_err = 6.73e-11  1.13 s
  c = 0.3  CGVI  s = 4 m = 4  ok          q_err = 1.94e-10  1.54 s
  c = 0.3  CGVI  s = 5 m = 1  ok          q_err = 6.05e-11  0.43 s
  c = 0.3  CGVI  s = 5 m = 2  ok          q_err = 3.55e-11  0.87 s
  c = 0.3  CGVI  s = 5 m = 3  ok          q_err = 5.30e-11  1.32 s
  c = 0.3  CGVI  s = 5 m = 4  ok          q_err = 4.86e-10  1.91 s
  c = 0.3  CGVI  s = 6 m = 1  ok          q_err = 5.12e-11  0.50 s
  c = 0.3  CGVI  s = 6 m = 2  ok          q_err = 7.19e-11  0.99 s
  c = 0.3  CGVI  s = 6 m = 3  ok          q_err = 1.72e-10  1.50 s
  c = 0.3  CGVI  s = 6 m = 4  ok          q_err = 3.86e-10  2.18 s
  c = 0.3  Gauss s = 1 m = 1  ok          q_err = 1.22e+00  0.11 s
  c = 0.3  Gauss s = 2 m = 1  ok          q_err = 3.67e-02  0.13 s
  c = 0.3  Gauss s = 3 m = 1  ok          q_err = 7.79e-05  0.14 s
  c = 0.3  Gauss s = 4 m = 1  ok          q_err = 6.37e-08  0.17 s
  c = 0.3  Gauss s = 5 m = 1  ok          q_err = 2.17e-10  0.20 s
  c = 0.3  Gauss s = 6 m = 1  ok          q_err = 5.01e-11  0.24 s
  c = 1    CGVI  s = 2 m = 1  ok          q_err = 1.55e+00  0.08 s
  c = 1    CGVI  s = 2 m = 2  ok          q_err = 7.71e-01  0.16 s
  c = 1    CGVI  s = 2 m = 3  ok          q_err = 4.69e-02  0.22 s
  c = 1    CGVI  s = 2 m = 4  ok          q_err = 1.16e-02  0.31 s
  c = 1    CGVI  s = 3 m = 1  ok          q_err = 1.52e-01  0.10 s
  c = 1    CGVI  s = 3 m = 2  ok          q_err = 1.38e-03  0.18 s
  c = 1    CGVI  s = 3 m = 3  ok          q_err = 1.15e-04  0.27 s
  c = 1    CGVI  s = 3 m = 4  ok          q_err = 2.00e-05  0.37 s
  c = 1    CGVI  s = 4 m = 1  ok          q_err = 3.38e-03  0.12 s
  c = 1    CGVI  s = 4 m = 2  ok          q_err = 4.51e-06  0.23 s
  c = 1    CGVI  s = 4 m = 3  ok          q_err = 1.72e-07  0.32 s
  c = 1    CGVI  s = 4 m = 4  ok          q_err = 1.71e-08  0.44 s
  c = 1    CGVI  s = 5 m = 1  ok          q_err = 4.71e-05  0.14 s
  c = 1    CGVI  s = 5 m = 2  ok          q_err = 2.91e-09  0.27 s
  c = 1    CGVI  s = 5 m = 3  ok          q_err = 9.11e-11  0.39 s
  c = 1    CGVI  s = 5 m = 4  ok          q_err = 3.84e-11  0.52 s
  c = 1    CGVI  s = 6 m = 1  ok          q_err = 9.65e-07  0.17 s
  c = 1    CGVI  s = 6 m = 2  ok          q_err = 2.75e-11  0.32 s
  c = 1    CGVI  s = 6 m = 3  ok          q_err = 6.35e-11  0.44 s
  c = 1    CGVI  s = 6 m = 4  ok          q_err = 5.39e-11  0.59 s
  c = 1    Gauss s = 1 m = 1  ok          q_err = 1.35e+00  0.04 s
  c = 1    Gauss s = 2 m = 1  ok          q_err = 1.64e+00  0.05 s
  c = 1    Gauss s = 3 m = 1  ok          q_err = 7.36e-01  0.05 s
  c = 1    Gauss s = 4 m = 1  ok          q_err = 4.50e-03  0.06 s
  c = 1    Gauss s = 5 m = 1  ok          q_err = 1.21e-04  0.07 s
  c = 1    Gauss s = 6 m = 1  ok          q_err = 1.69e-06  0.09 s
  c = 3    CGVI  s = 2 m = 1  failed:NonlinearSolverException q_err = NaN  0.11 s
  c = 3    CGVI  s = 2 m = 2  ok          q_err = 1.33e+00  0.07 s
  c = 3    CGVI  s = 2 m = 3  ok          q_err = 1.65e+00  0.08 s
  c = 3    CGVI  s = 2 m = 4  ok          q_err = 1.14e+00  0.11 s
  c = 3    CGVI  s = 3 m = 1  ok          q_err = 1.50e+00  0.05 s
  c = 3    CGVI  s = 3 m = 2  ok          q_err = 5.23e-01  0.07 s
  c = 3    CGVI  s = 3 m = 3  ok          q_err = 1.62e-01  0.10 s
  c = 3    CGVI  s = 3 m = 4  ok          q_err = 1.64e-02  0.13 s
  c = 3    CGVI  s = 4 m = 1  ok          q_err = 1.69e+00  0.06 s
  c = 3    CGVI  s = 4 m = 2  ok          q_err = 5.44e-02  0.08 s
  c = 3    CGVI  s = 4 m = 3  ok          q_err = 3.60e-03  0.12 s
  c = 3    CGVI  s = 4 m = 4  ok          q_err = 1.24e-04  0.16 s
  c = 3    CGVI  s = 5 m = 1  ok          q_err = 4.93e-01  0.07 s
  c = 3    CGVI  s = 5 m = 2  ok          q_err = 8.64e-05  0.10 s
  c = 3    CGVI  s = 5 m = 3  ok          q_err = 5.01e-05  0.14 s
  c = 3    CGVI  s = 5 m = 4  ok          q_err = 2.82e-07  0.20 s
  c = 3    CGVI  s = 6 m = 1  ok          q_err = 4.99e-01  0.08 s
  c = 3    CGVI  s = 6 m = 2  ok          q_err = 1.39e-05  0.12 s
  c = 3    CGVI  s = 6 m = 3  ok          q_err = 1.03e-06  0.17 s
  c = 3    CGVI  s = 6 m = 4  ok          q_err = 3.33e-09  0.24 s
  c = 3    Gauss s = 1 m = 1  unconverged q_err = 1.71e+03  0.09 s
  c = 3    Gauss s = 2 m = 1  unconverged q_err = 2.18e+04  0.11 s
  c = 3    Gauss s = 3 m = 1  unconverged q_err = 1.48e+00  0.09 s
  c = 3    Gauss s = 4 m = 1  ok          q_err = 1.30e+00  0.03 s
  c = 3    Gauss s = 5 m = 1  ok          q_err = 6.44e-01  0.04 s
  c = 3    Gauss s = 6 m = 1  ok          q_err = 4.71e-03  0.05 s
  c = 10   CGVI  s = 2 m = 1  failed:NonlinearSolverException q_err = NaN  0.11 s
  c = 10   CGVI  s = 2 m = 2  failed:NonlinearSolverException q_err = NaN  0.11 s
  c = 10   CGVI  s = 2 m = 3  failed:NonlinearSolverException q_err = NaN  0.11 s
  c = 10   CGVI  s = 2 m = 4  failed:NonlinearSolverException q_err = NaN  0.12 s
  c = 10   CGVI  s = 3 m = 1  failed:NonlinearSolverException q_err = NaN  0.11 s
  c = 10   CGVI  s = 3 m = 2  failed:NonlinearSolverException q_err = NaN  0.11 s
  c = 10   CGVI  s = 3 m = 3  failed:NonlinearSolverException q_err = NaN  0.13 s
  c = 10   CGVI  s = 3 m = 4  ok          q_err = 1.15e+00  0.05 s
  c = 10   CGVI  s = 4 m = 1  failed:NonlinearSolverException q_err = NaN  0.13 s
  c = 10   CGVI  s = 4 m = 2  failed:NonlinearSolverException q_err = NaN  0.13 s
  c = 10   CGVI  s = 4 m = 3  failed:NonlinearSolverException q_err = NaN  0.13 s
  c = 10   CGVI  s = 4 m = 4  ok          q_err = 1.49e+00  0.06 s
  c = 10   CGVI  s = 5 m = 1  failed:NonlinearSolverException q_err = NaN  0.15 s
  c = 10   CGVI  s = 5 m = 2  failed:NonlinearSolverException q_err = NaN  0.15 s
  c = 10   CGVI  s = 5 m = 3  ok          q_err = 8.13e-01  0.07 s
  c = 10   CGVI  s = 5 m = 4  ok          q_err = 1.43e+00  0.07 s
  c = 10   CGVI  s = 6 m = 1  failed:NonlinearSolverException q_err = NaN  0.16 s
  c = 10   CGVI  s = 6 m = 2  failed:NonlinearSolverException q_err = NaN  0.17 s
  c = 10   CGVI  s = 6 m = 3  ok          q_err = 9.36e-01  0.08 s
  c = 10   CGVI  s = 6 m = 4  ok          q_err = 8.34e-03  0.08 s
  c = 10   Gauss s = 1 m = 1  unconverged q_err = 1.21e+01  0.12 s
  c = 10   Gauss s = 2 m = 1  unconverged q_err = 1.37e+02  0.03 s
  c = 10   Gauss s = 3 m = 1  unconverged q_err = 1.79e+02  0.04 s
  c = 10   Gauss s = 4 m = 1  unconverged q_err = 2.11e+03  0.04 s
  c = 10   Gauss s = 5 m = 1  unconverged q_err = 2.74e+03  0.06 s
  c = 10   Gauss s = 6 m = 1  unconverged q_err = 3.71e+03  0.08 s

── P1_eps0.01: T = 628.3185307179587, Terr = 628.3185307179587, h Ω ∈ [0.1, 0.3, 1.0, 3.0, 10.0]
reference: Gauss(8), dt = 0.002, |dt - dt/2| = 1.67e-13 (50.5 s)
  c = 0.1  N1 ReLU3 kinkfree S = 4  ok          q_err = 1.38e-08  diff = 2.78e-13  6283/0/0  26.5 s
  c = 0.1  N2 ReLU3          S = 4  ok          q_err = 1.38e-08  diff = 3.60e-13  6283/0/0  26.6 s
  c = 0.1  N2 tanh           S = 4  unconverged q_err = 3.66e-02  diff = 3.66e-02  0/0/0  93.9 s
  c = 0.1  N2 tanh           S = 8  unconverged q_err = 1.35e-02  diff = 1.35e-02  0/0/0  208.8 s
  c = 0.3  N1 ReLU3 kinkfree S = 4  unconverged q_err = 1.68e-02  diff = 1.68e-02  2093/0/1  12.6 s
  c = 0.3  N2 ReLU3          S = 4  unconverged q_err = 1.39e-02  diff = 1.39e-02  2093/0/1  12.8 s
  c = 0.3  N2 tanh           S = 4  unconverged q_err = 3.95e-01  diff = 3.95e-01  0/0/0  32.0 s
  c = 0.3  N2 tanh           S = 8  unconverged q_err = 5.68e-01  diff = 5.68e-01  0/0/0  73.1 s
  c = 1    N1 ReLU3 kinkfree S = 4  unconverged q_err = 3.32e-01  diff = 3.20e-01  583/45/0  5.0 s
  c = 1    N2 ReLU3          S = 4  unconverged q_err = 1.74e-01  diff = 1.62e-01  578/50/0  5.1 s
  c = 1    N2 tanh           S = 4  unconverged q_err = 9.95e-01  diff = 9.90e-01  0/0/0  10.2 s
  c = 1    N2 tanh           S = 8  unconverged q_err = 1.07e+00  diff = 1.07e+00  0/0/0  20.5 s
  c = 3    N1 ReLU3 kinkfree S = 4  unconverged q_err = 9.75e-01  diff = 9.41e-01  178/31/0  2.0 s
  c = 3    N2 ReLU3          S = 4  unconverged q_err = 1.34e+00  diff = 1.18e+00  174/35/0  1.8 s
  c = 3    N2 tanh           S = 4  unconverged q_err = 6.56e+01  diff = 6.60e+01  0/0/0  3.7 s
  c = 3    N2 tanh           S = 8  unconverged q_err = 4.97e+00  diff = 6.05e+00  0/0/0  8.9 s
  c = 10   N1 ReLU3 kinkfree S = 4  unconverged q_err = 1.64e+03  diff = 1.00e+00  46/14/2  0.8 s
  c = 10   N2 ReLU3          S = 4  unconverged q_err = 2.34e+03  diff = 1.00e+00  42/15/5  0.7 s
  c = 10   N2 tanh           S = 4  unconverged q_err = 1.75e+05  diff = 1.00e+00  0/0/0  0.8 s
  c = 10   N2 tanh           S = 8  unconverged q_err = 1.01e+00  diff = 1.00e+00  0/0/0  1.7 s

── P3_e0.9: T = 62.83185307179586, Terr = 62.83185307179586, h Ω ∈ [0.1, 0.3, 1.0, 3.0, 10.0]
reference: exact, dt = 0, |dt - dt/2| = 0.00e+00 (0.0 s)
  c = 0.1  N1 ReLU3 kinkfree S = 4  ok          q_err = 1.24e+00  diff = 1.01e+00  1256/0/0  4.4 s
  c = 0.1  N2 ReLU3          S = 4  unconverged q_err = 1.16e+00  diff = 1.04e+00  1251/5/0  4.2 s
  c = 0.1  N2 tanh           S = 4  unconverged q_err = 6.02e+00  diff = 8.39e-01  0/0/0  17.6 s
  c = 0.1  N2 tanh           S = 8  unconverged q_err = 2.64e-01  diff = 9.93e-01  0/0/0  30.4 s
  c = 0.3  N1 ReLU3 kinkfree S = 4  unconverged q_err = 9.59e+01  diff = 3.74e-01  416/2/0  1.4 s
  c = 0.3  N2 ReLU3          S = 4  unconverged q_err = 6.08e+01  diff = 8.91e-01  417/1/0  1.4 s
  c = 0.3  N2 tanh           S = 4  unconverged q_err = 4.87e+01  diff = 8.95e-01  0/0/0  6.2 s
  c = 0.3  N2 tanh           S = 8  unconverged q_err = 1.96e+01  diff = 1.12e+00  0/0/0  12.3 s
  c = 1    N1 ReLU3 kinkfree S = 4  unconverged q_err = 7.00e+01  diff = 2.14e+00  122/2/0  0.4 s
  c = 1    N2 ReLU3          S = 4  unconverged q_err = 6.48e+01  diff = 6.95e-01  122/2/0  0.4 s
  c = 1    N2 tanh           S = 4  unconverged q_err = 1.12e+02  diff = 1.69e+00  0/0/0  1.6 s
  c = 1    N2 tanh           S = 8  unconverged q_err = 3.75e+01  diff = 1.09e+00  0/0/0  3.3 s
  c = 3    N1 ReLU3 kinkfree S = 4  ok          q_err = 1.11e+02  diff = 2.84e-15  40/0/0  0.1 s
  c = 3    N2 ReLU3          S = 4  ok          q_err = 1.11e+02  diff = 7.30e-15  40/0/0  0.1 s
  c = 3    N2 tanh           S = 4  unconverged q_err = 1.10e+02  diff = 5.46e-03  0/0/0  0.5 s
  c = 3    N2 tanh           S = 8  unconverged q_err = 9.47e+01  diff = 1.46e-01  0/0/0  1.3 s
  c = 10   N1 ReLU3 kinkfree S = 4  unconverged q_err = 1.32e+02  diff = 5.51e-14  12/0/0  0.0 s
  c = 10   N2 ReLU3          S = 4  unconverged q_err = 1.32e+02  diff = 2.07e-13  12/0/0  0.0 s
  c = 10   N2 tanh           S = 4  unconverged q_err = 1.32e+02  diff = 2.32e-04  0/0/0  0.1 s
  c = 10   N2 tanh           S = 8  unconverged q_err = 1.09e+02  diff = 1.73e-01  0/0/0  0.4 s

── P3_e0.99: T = 62.83185307179586, Terr = 62.83185307179586, h Ω ∈ [0.1, 0.3, 1.0, 3.0, 10.0]
reference: exact, dt = 0, |dt - dt/2| = 0.00e+00 (0.0 s)
  c = 0.1  N1 ReLU3 kinkfree S = 4  unconverged q_err = 3.69e+02  diff = 1.59e-14  1256/0/0  5.1 s
  c = 0.1  N2 ReLU3          S = 4  unconverged q_err = 3.69e+02  diff = 1.11e-14  1256/0/0  5.0 s
  c = 0.1  N2 tanh           S = 4  unconverged q_err = 3.67e+02  diff = 6.81e-03  0/0/0  23.1 s
  c = 0.1  N2 tanh           S = 8  unconverged q_err = 3.55e+02  diff = 4.89e-02  0/0/0  61.6 s
  c = 0.3  N1 ReLU3 kinkfree S = 4  unconverged q_err = 4.22e+02  diff = 5.01e-15  418/0/0  1.4 s
  c = 0.3  N2 ReLU3          S = 4  unconverged q_err = 4.22e+02  diff = 6.10e-15  418/0/0  1.4 s
  c = 0.3  N2 tanh           S = 4  unconverged q_err = 4.21e+02  diff = 2.84e-03  0/0/0  5.8 s
  c = 0.3  N2 tanh           S = 8  unconverged q_err = 3.53e+02  diff = 1.63e-01  0/0/0  19.2 s
  c = 1    N1 ReLU3 kinkfree S = 4  ok          q_err = 4.33e+02  diff = 1.19e-15  124/0/0  0.4 s
  c = 1    N2 ReLU3          S = 4  unconverged q_err = 4.33e+02  diff = 3.69e-15  124/0/0  0.4 s
  c = 1    N2 tanh           S = 4  unconverged q_err = 4.33e+02  diff = 1.05e-04  0/0/0  1.4 s
  c = 1    N2 tanh           S = 8  unconverged q_err = 4.16e+02  diff = 3.98e-02  0/0/0  6.1 s
  c = 3    N1 ReLU3 kinkfree S = 4  ok          q_err = 4.24e+02  diff = 6.75e-16  40/0/0  0.1 s
  c = 3    N2 ReLU3          S = 4  ok          q_err = 4.24e+02  diff = 8.10e-16  40/0/0  0.1 s
  c = 3    N2 tanh           S = 4  unconverged q_err = 4.24e+02  diff = 3.87e-05  0/0/0  0.5 s
  c = 3    N2 tanh           S = 8  unconverged q_err = 4.18e+02  diff = 1.27e-02  0/0/0  2.2 s
  c = 10   N1 ReLU3 kinkfree S = 4  ok          q_err = 4.27e+02  diff = 6.73e-16  12/0/0  0.0 s
  c = 10   N2 ReLU3          S = 4  ok          q_err = 4.27e+02  diff = 1.21e-15  12/0/0  0.0 s
  c = 10   N2 tanh           S = 4  unconverged q_err = 4.27e+02  diff = 3.28e-05  0/0/0  0.1 s
  c = 10   N2 tanh           S = 8  unconverged q_err = 4.26e+02  diff = 3.72e-03  0/0/0  0.4 s

── P4_E0.02: T = 1000.0, Terr = 100.0, h Ω ∈ [0.1, 0.3, 1.0, 3.0, 10.0]
reference: Gauss(8), dt = 0.002, |dt - dt/2| = 2.23e-13 (9.8 s)
  c = 0.1  N1 ReLU3 kinkfree S = 4  ok          q_err = 6.57e-10  diff = 2.01e-12  20000/0/0  62.5 s
  c = 0.1  N2 ReLU3          S = 4  ok          q_err = 6.57e-10  diff = 2.34e-12  20000/0/0  62.4 s
  c = 0.1  N2 tanh           S = 4  unconverged q_err = 3.19e-04  diff = 1.95e-02  0/0/0  208.0 s
  c = 0.1  N2 tanh           S = 8  ok          q_err = 3.80e-08  diff = 1.85e-07  0/0/0  190.7 s
  c = 0.3  N1 ReLU3 kinkfree S = 4  ok          q_err = 4.75e-07  diff = 1.76e-12  6666/0/0  21.1 s
  c = 0.3  N2 ReLU3          S = 4  unconverged q_err = 4.75e-07  diff = 5.87e-04  6664/2/0  21.0 s
  c = 0.3  N2 tanh           S = 4  unconverged q_err = 8.33e-03  diff = 4.79e-01  0/0/0  92.5 s
  c = 0.3  N2 tanh           S = 8  unconverged q_err = 1.31e-06  diff = 1.04e-04  0/0/0  55.9 s
  c = 1    N1 ReLU3 kinkfree S = 4  ok          q_err = 6.37e-04  diff = 8.60e-14  2000/0/0  7.1 s
  c = 1    N2 ReLU3          S = 4  unconverged q_err = 8.55e-04  diff = 1.18e-02  1980/20/0  7.1 s
  c = 1    N2 tanh           S = 4  unconverged q_err = 1.45e-02  diff = 1.49e-01  0/0/0  23.2 s
  c = 1    N2 tanh           S = 8  unconverged q_err = 7.94e-07  diff = 5.36e-03  0/0/0  39.6 s
  c = 3    N1 ReLU3 kinkfree S = 4  ok          q_err = 2.13e-01  diff = 4.10e-11  666/0/0  2.5 s
  c = 3    N2 ReLU3          S = 4  unconverged q_err = 2.06e-01  diff = 1.31e-01  639/27/0  2.8 s
  c = 3    N2 tanh           S = 4  unconverged q_err = 1.25e-01  diff = 2.25e+00  0/0/0  10.0 s
  c = 3    N2 tanh           S = 8  unconverged q_err = 1.86e-04  diff = 1.51e+00  0/0/0  31.2 s
  c = 10   N1 ReLU3 kinkfree S = 4  unconverged q_err = 2.01e+00  diff = NaN  200/0/0  2.2 s
  c = 10   N2 ReLU3          S = 4  unconverged q_err = 2.17e+00  diff = NaN  164/36/0  1.7 s
  c = 10   N2 tanh           S = 4  unconverged q_err = 1.99e+00  diff = NaN  0/0/0  2.4 s
  c = 10   N2 tanh           S = 8  failed:NonlinearSolverException q_err = NaN  diff = NaN  0/0/0  1.7 s

── P4_E0.135: T = 1000.0, Terr = 100.0, h Ω ∈ [0.1, 0.3, 1.0, 3.0, 10.0]
reference: Gauss(8), dt = 0.002, |dt - dt/2| = 1.23e-10 (9.7 s)
  c = 0.1  N1 ReLU3 kinkfree S = 4  ok          q_err = 8.08e-08  diff = 1.73e+00  20000/0/0  63.1 s
  c = 0.1  N2 ReLU3          S = 4  unconverged q_err = 8.08e-08  diff = 1.33e+00  19999/1/0  63.2 s
  c = 0.1  N2 tanh           S = 4  unconverged q_err = 1.13e+00  diff = 1.74e+00  0/0/0  288.1 s
  c = 0.1  N2 tanh           S = 8  unconverged q_err = 3.99e-07  diff = 1.75e+00  0/0/0  219.6 s
  c = 0.3  N1 ReLU3 kinkfree S = 4  ok          q_err = 6.06e-05  diff = 1.64e+00  6666/0/0  22.3 s
  c = 0.3  N2 ReLU3          S = 4  unconverged q_err = 6.06e-05  diff = 1.57e+00  6664/2/0  22.4 s
  c = 0.3  N2 tanh           S = 4  unconverged q_err = 1.19e-01  diff = 1.66e+00  0/0/0  98.1 s
  c = 0.3  N2 tanh           S = 8  unconverged q_err = 1.86e-04  diff = 1.67e+00  0/0/0  61.9 s
  c = 1    N1 ReLU3 kinkfree S = 4  ok          q_err = 1.52e-01  diff = 1.56e+00  2000/0/0  7.4 s
  c = 1    N2 ReLU3          S = 4  unconverged q_err = 1.98e-01  diff = 1.63e+00  1974/26/0  7.5 s
  c = 1    N2 tanh           S = 4  unconverged q_err = 7.74e-01  diff = 1.53e+00  0/0/0  22.6 s
  c = 1    N2 tanh           S = 8  unconverged q_err = 4.80e-03  diff = 1.58e+00  0/0/0  47.5 s
  c = 3    N1 ReLU3 kinkfree S = 4  unconverged q_err = 1.51e+00  diff = 1.48e+00  662/4/0  2.9 s
  c = 3    N2 ReLU3          S = 4  unconverged q_err = 1.69e+00  diff = 1.63e+00  629/37/0  3.3 s
  c = 3    N2 tanh           S = 4  failed:NonlinearSolverException q_err = NaN  diff = NaN  0/0/0  1.4 s
  c = 3    N2 tanh           S = 8  unconverged q_err = 8.78e-02  diff = 1.57e+00  0/0/0  12.5 s
  c = 10   N1 ReLU3 kinkfree S = 4  unconverged q_err = 1.39e+00  diff = NaN  200/0/0  1.9 s
  c = 10   N2 ReLU3          S = 4  unconverged q_err = 1.15e+00  diff = NaN  169/31/0  2.2 s
  c = 10   N2 tanh           S = 4  unconverged q_err = 1.33e+00  diff = NaN  0/0/0  2.5 s
  c = 10   N2 tanh           S = 8  failed:NonlinearSolverException q_err = NaN  diff = NaN  0/0/0  0.4 s

── P1_eps0.001: T = 6283.185307179586, Terr = 6283.185307179586, h Ω ∈ [0.1, 0.3, 1.0, 3.0, 10.0]
reference: Gauss(8), dt = 0.002, |dt - dt/2| = 2.46e-13 (618.6 s)
  c = 0.1  N1 ReLU3 kinkfree S = 4  ok          q_err = 1.38e-07  diff = 3.34e-12  62831/0/0  266.4 s
  c = 0.1  N2 ReLU3          S = 4  unconverged q_err = 2.47e-05  diff = 2.47e-05  62827/4/0  266.1 s
  c = 0.1  N2 tanh           S = 4  unconverged q_err = 3.23e-01  diff = 3.23e-01  0/0/0  969.9 s
